---
source: tests/lx_encode_test.rs
expression: "String::from_utf8_lossy(&encoded)"
---
=@ynm!wfstjpo>#2/1#!fodpejoh>#VUG.9#@?=GMBSNOFU!Wfstjpo>#117gc1#?=GMBSNEBUB!GmbsnJE>#111111#?
=OBNF?NÄ½mmfs=0OBNF?
=BJSGJFME?E.3299=0BJSGJFME?
=UZQF?BTL.24=0UZQF?
=SFH?E.3299=0SFH?
=DPNQJE?=0DPNQJE?
=GSFRVFODZ?234/261=0GSFRVFODZ?=0GMBSNEBUB?=GMBSNEBUB!GmbsnJE>#111112#?
=OBNF?=0OBNF?
=BJSGJFME?111111=0BJSGJFME?
=UZQF?Qbsbhmjefs=0UZQF?
=SFH?111111=0SFH?
=DPNQJE?=0DPNQJE?
=GSFRVFODZ?=0GSFRVFODZ?=0GMBSNEBUB?=GMBSNEBUB!GmbsnJE>#11111G#?
=OBNF?=0OBNF?
=BJSGJFME?E.:638=0BJSGJFME?
=UZQF?BTX!38=0UZQF?
=SFH?E.:638=0SFH?
=DPNQJE?Y38=0DPNQJE?
=GSFRVFODZ?=0GSFRVFODZ?=0GMBSNEBUB?=0GMBSNOFU?
